// Jest Snapshot v1, https://goo.gl/fbAQLP

exports[`Component=>App Should render correctly 1`] = `
<div
  className="App"
>
  <UserInput
    postcode=""
    search={[Function]}
    setPostcode={[Function]}
  />
  <Grants
    grants={Array []}
  />
</div>
`;
